
desolution.are
trainstuff.are
candyland.are
mchamber.are
berserk.are
neka.are
ragroom.are
kingkai.are
kylabryhome.are
jedieq.are
settie.are
doom.are
ashfor.are
dcitadel.are
eqstore.are
volcano.are
demstuff.are
tohell.are
rhps2.are 
caine.are
ninja.are
dm.are                  
seven.are      
prehist.are
jher.are       
kender.are     
gtown.are      
gyard.are
warner.are            
relic.are
hell.are
help.are
smurf.are
plains.are
ultima.are
ofcol2.are
chess.are
olympus.are
air.are
shire.are
hitower.are
gnome.are
wyvern.are
catacomb.are
hood.are
draconia.are
mahntor.are
deathdun.are
trollden.are
firenewt.are
midgaard.are
chapel.are
midennir.are
mirkwood.are
grave.are
school.are
moria.are
juargan.are
eastern.are
pyramid.are
drow.are
thalos.are
mirror.are
ofcol.are
haon.are
bazaar.are
arachnos.are
dwarven.are
daycare.are
sewer.are
valley.are
redferne.are
mega1.are
marsh.are
dream.are
grove.are
dylan.are
canyon.are
weed.are
galaxy.are
mobfact.are
kavir.are
vallandar.are
start.are
darkl.are
quest.are
alice.are
mage.are
halls.are
torcal.are
spirit.are
highland.are
limbo.are
golem.are
immoffices.are
newclasshq.are
$


